core_cm4.h:1933:34:__NVIC_SystemReset	4	static,ignoring_inline_asm
app.c:141:6:appSetCoreState	16	static
app.c:159:6:appTraceWakeup	8	static
app.c:166:6:appTimerWakeup	8	static
app.c:173:6:appButtonWakeup	8	static
app.c:180:6:freeMessageToSendBuffer	8	static
app.c:199:6:sendToPeer	24	static
app.c:220:6:sendMessageToPeer	120	static
app.c:348:6:appReceivedMessageStats	24	static
app.c:359:6:appSendBeaconToGateway	48	static
app.c:385:6:twOpenEvent	16	static
app.c:391:10:twMinimumModulusSecs	16	static
app.c:402:10:appTransmitWindowWaitMaxSecs	8	static
app.c:416:10:appNextTransmitWindowDueSecs	40	static
app.c:524:6:lbtListenBeforeTalk	8	static
app.c:552:6:lbtTalk	8	static
app.c:569:6:sensorIgnoreTimeWindow	4	static
app.c:575:6:sensorSendReqToGateway	40	static
app.c:598:6:sensorSendToGateway	56	static
app.c:630:6:sensorResendToGateway	56	static
app.c:676:6:sendTimeout	16	static
app.c:685:6:processSensorRequest	80	static
app.c:754:6:gatewayWaitForSensorMessage	16	static
app.c:768:6:gatewayWaitForAnySensorMessage	8	static
app.c:783:6:sensorWaitForGatewayMessage	16	static
app.c:797:6:sensorWaitForGatewayResponse	16	static
app.c:811:6:restartReceive	16	static
app.c:826:6:appSensorInit	8	static
app.c:833:6:sensorCoreIdle	8	static
app.c:839:6:appSensorProcess	72	static
app.c:1203:6:sensorGatewayRequestFailure	24	static
app.c:1237:6:appGatewayInit	8	static
app.c:1244:6:appGatewayProcess	184	static
app.c:1612:6:showReceivedTime	160	static
app.c:1666:6:validateReceivedMessage	64	static
app.c:1745:6:twRefresh	88	static
app.c:1805:6:appSensorCacheEntryResetStats	16	static
app.c:1812:6:appSensorCacheEntry	24	static
app.c:1851:6:appProcessButton	8	static
