radioinit.c:29:6:radioInit	64	static
radioinit.c:78:6:radioDeInit	8	static
radioinit.c:85:6:radioDeepSleep	8	static
radioinit.c:99:6:radioDeepWake	8	static
radioinit.c:108:13:OnTxTimeout	8	static
radioinit.c:117:13:OnRxTimeout	8	static
radioinit.c:127:13:OnRxError	8	static
radioinit.c:137:13:OnTxDone	8	static
radioinit.c:146:13:OnRxDone	24	static
radioinit.c:169:6:radioSetRFFrequency	16	static
radioinit.c:175:6:radioSetChannel	8	static
radioinit.c:181:10:radioWakeupRequiredMs	8	static
radioinit.c:187:6:radioRx	16	static
radioinit.c:195:6:radioTx	16	static
radioinit.c:203:6:radioSetTxPowerUnknown	4	static
radioinit.c:209:6:radioSetTxPower	64	static
