sched.c:32:6:schedInit	8	static
sched.c:44:5:schedRegisterSensor	32	static
sched.c:83:13:schedSensorName	16	static
sched.c:89:6:schedActivateNowFromISR	24	static
sched.c:104:6:schedDisable	24	static
sched.c:113:6:schedDispatchISR	24	static
sched.c:123:7:schedStateName	16	static
sched.c:145:6:schedIsActive	16	static
sched.c:151:5:schedGetState	16	static
sched.c:157:6:schedSetState	40	static
sched.c:171:6:schedSetCompletionState	48	static
sched.c:182:6:schedSendingRequest	32	static
sched.c:199:6:schedRequestCompleted	16	static
sched.c:217:6:schedResponseCompleted	24	static
sched.c:233:6:schedRequestResponseTimeout	16	static
sched.c:247:6:schedRequestResponseTimeoutCheck	24	static
sched.c:275:10:secsUntilDue	32	static
sched.c:319:10:nextActivationDueSecs	32	static
sched.c:341:10:schedPoll	64	static
