core_cm4.h:1933:34:__NVIC_SystemReset	4	static,ignoring_inline_asm
stm32wlxx_ll_gpio.h:317:26:LL_GPIO_GetPinMode	40	static,ignoring_inline_asm
stm32wlxx_ll_gpio.h:390:26:LL_GPIO_GetPinOutputType	32	static,ignoring_inline_asm
stm32wlxx_ll_gpio.h:546:26:LL_GPIO_GetPinPull	40	static,ignoring_inline_asm
trace.c:18:7:tracePeer	4	static
trace.c:24:6:traceClearID	4	static
trace.c:30:6:traceSetID	88	static
trace.c:71:6:traceInputAvailable	8	static
trace.c:77:6:traceInput	16	static
trace.c:125:6:commonCharCmd	72	static
trace.c:164:6:probePin	56	static
trace.c:215:8:trace	24	static
trace.c:222:6:commonCmd	152	static
