stm32wlxx_ll_rcc.h:1258:22:LL_RCC_LSE_SetDriveCapability	16	static
stm32wlxx_ll_rcc.h:1972:22:LL_RCC_SetClkAfterWakeFromStop	16	static
stm32wlxx_ll_bus.h:287:22:LL_AHB1_GRP1_EnableClock	24	static
stm32wlxx_ll_bus.h:449:22:LL_AHB2_GRP1_EnableClock	24	static
stm32wlxx_ll_bus.h:1062:22:LL_APB1_GRP1_ForceReset	16	static
stm32wlxx_ll_bus.h:1107:22:LL_APB1_GRP1_ReleaseReset	16	static
stm32wlxx_ll_bus.h:1374:22:LL_APB2_GRP1_ForceReset	16	static
stm32wlxx_ll_bus.h:1397:22:LL_APB2_GRP1_ReleaseReset	16	static
stm32wlxx_ll_exti.h:266:22:LL_EXTI_EnableIT_0_31	16	static
stm32wlxx_ll_lpuart.h:652:22:LL_LPUART_EnableInStopMode	16	static
stm32wlxx_ll_lpuart.h:1690:26:LL_LPUART_IsActiveFlag_BUSY	16	static
stm32wlxx_ll_lpuart.h:1756:26:LL_LPUART_IsActiveFlag_REACK	16	static
stm32wlxx_ll_lpuart.h:1844:22:LL_LPUART_ClearFlag_ORE	16	static
stm32wlxx_ll_lpuart.h:1910:22:LL_LPUART_ClearFlag_WKUP	16	static
stm32wlxx_ll_lpuart.h:2049:22:LL_LPUART_EnableIT_WKUP	16	static
main.c:105:5:main	8	static
main.c:135:6:SystemClock_Config	112	static
main.c:179:6:MX_GPIO_Init	32	static
main.c:203:6:MX_DMA_Init	8	static
main.c:214:6:MX_GPIO_DeInit	8	static
main.c:232:6:MX_ADC_Init	24	static
main.c:298:6:MX_ADC_DeInit	8	static
main.c:306:6:MX_ADC_Values	56	static
main.c:360:6:HAL_ADC_ConvCpltCallback	16	static
main.c:366:6:HAL_ADC_ConvHalfCpltCallback	16	static
main.c:371:6:HAL_ADC_ErrorCallback	16	static
main.c:377:8:calibrateVoltage	16	static
main.c:402:8:MX_ADC_A0_Voltage	56	static
main.c:432:6:MX_I2C2_Init	8	static
main.c:471:6:MX_I2C2_DeInit	8	static
main.c:480:6:HAL_I2C_MasterRxCpltCallback	16	static
main.c:486:6:HAL_I2C_MasterTxCpltCallback	16	static
main.c:492:6:HAL_I2C_MemRxCpltCallback	16	static
main.c:498:6:HAL_I2C_MemTxCpltCallback	16	static
main.c:506:6:MY_I2C2_ReadRegister	56	static
main.c:527:6:MY_I2C2_WriteRegister	56	static
main.c:548:6:MY_I2C2_Transmit	48	static
main.c:569:6:MY_I2C2_Receive	48	static
main.c:590:6:MX_SPI1_Init	8	static
main.c:623:6:MX_SPI1_DeInit	8	static
main.c:632:6:MX_SUBGHZ_Init	8	static
main.c:644:6:MX_SUBGHZ_DeInit	8	static
main.c:651:6:MX_AES_CTR_Encrypt	32	static
main.c:670:6:MX_AES_CTR_Decrypt	32	static
main.c:689:6:MX_AES_Init	8	static
main.c:706:6:MX_AES_DeInit	8	static
main.c:712:6:MX_RNG_Init	8	static
main.c:722:10:MX_RNG_Get	16	static
main.c:733:6:MX_RNG_DeInit	8	static
main.c:739:6:MX_TIM17_Init	8	static
main.c:757:6:MX_TIM17_DelayUs	32	static
main.c:778:6:MX_RTC_Init	56	static
main.c:817:6:MX_USART1_UART_Init	8	static
main.c:858:6:MX_USART1_UART_Transmit	32	static
main.c:876:6:MX_USART1_UART_DeInit	8	static
main.c:902:6:MX_USART2_UART_Init	8	static
main.c:946:6:MX_USART2_UART_Suspend	8	static
main.c:959:6:MX_USART2_UART_Resume	8	static
main.c:970:6:MX_USART2_UART_Transmit	32	static
main.c:988:6:MX_USART2_UART_DeInit	8	static
main.c:1016:6:MX_LPUART1_UART_Init	8	static
main.c:1048:6:MX_LPUART1_UART_Suspend	8	static
main.c:1074:6:MX_LPUART1_UART_Resume	4	static
main.c:1079:6:MX_LPUART1_UART_Transmit	32	static
main.c:1097:6:MX_LPUART1_UART_DeInit	8	static
main.c:1104:10:MX_Image_Size	4	static
main.c:1114:10:MX_Heap_Size	32	static
main.c:1132:6:MY_ActivePeripherals	16	static
