stm32wlxx_ll_rcc.h:2332:22:LL_RCC_EnableRTC	4	static
stm32wlxx_ll_rcc.h:2342:22:LL_RCC_DisableRTC	4	static
stm32wlxx_ll_bus.h:634:22:LL_AHB3_GRP1_EnableClock	24	static
stm32wlxx_ll_bus.h:720:22:LL_AHB3_GRP1_DisableClock	16	static
stm32wlxx_ll_bus.h:914:22:LL_APB1_GRP1_EnableClock	24	static
stm32wlxx_ll_bus.h:935:22:LL_APB1_GRP2_EnableClock	24	static
stm32wlxx_ll_bus.h:1018:22:LL_APB1_GRP1_DisableClock	16	static
stm32wlxx_ll_bus.h:1034:22:LL_APB1_GRP2_DisableClock	16	static
stm32wlxx_ll_bus.h:1303:22:LL_APB2_GRP1_EnableClock	24	static
stm32wlxx_ll_bus.h:1351:22:LL_APB2_GRP1_DisableClock	16	static
stm32wlxx_ll_bus.h:1488:22:LL_APB3_GRP1_EnableClock	24	static
stm32wlxx_ll_bus.h:1516:22:LL_APB3_GRP1_DisableClock	16	static
stm32wlxx_hal_msp.c:18:6:HAL_MspInit	4	static
stm32wlxx_hal_msp.c:23:6:HAL_TIM_Base_MspInit	16	static
stm32wlxx_hal_msp.c:31:6:HAL_TIM_Base_MspDeInit	16	static
stm32wlxx_hal_msp.c:40:6:HAL_ADC_MspInit	96	static
stm32wlxx_hal_msp.c:96:6:HAL_ADC_MspDeInit	16	static
stm32wlxx_hal_msp.c:122:6:HAL_I2C_MspInit	96	static
stm32wlxx_hal_msp.c:195:6:HAL_I2C_MspDeInit	16	static
stm32wlxx_hal_msp.c:220:6:HAL_SPI_MspInit	40	static
stm32wlxx_hal_msp.c:284:6:HAL_SPI_MspDeInit	16	static
stm32wlxx_hal_msp.c:311:6:HAL_CRYP_MspInit	16	static
stm32wlxx_hal_msp.c:328:6:HAL_CRYP_MspDeInit	16	static
stm32wlxx_hal_msp.c:344:6:HAL_RNG_MspInit	72	static
stm32wlxx_hal_msp.c:369:6:HAL_RNG_MspDeInit	16	static
stm32wlxx_hal_msp.c:385:6:HAL_RTC_MspInit	72	static
stm32wlxx_hal_msp.c:414:6:HAL_RTC_MspDeInit	16	static
stm32wlxx_hal_msp.c:432:6:HAL_SUBGHZ_MspInit	16	static
stm32wlxx_hal_msp.c:445:6:HAL_SUBGHZ_MspDeInit	16	static
stm32wlxx_hal_msp.c:457:6:HAL_UART_MspInit	96	static
stm32wlxx_hal_msp.c:618:6:HAL_UART_MspDeInit	16	static
