core_cm4.h:1933:34:__NVIC_SystemReset	4	static,ignoring_inline_asm
stm32wlxx_it.c:44:6:MX_Breakpoint	8	static,ignoring_inline_asm
stm32wlxx_it.c:52:6:NMI_Handler	8	static
stm32wlxx_it.c:59:6:HardFault_Handler	8	static
stm32wlxx_it.c:66:6:MemManage_Handler	8	static
stm32wlxx_it.c:73:6:BusFault_Handler	8	static
stm32wlxx_it.c:80:6:UsageFault_Handler	8	static
stm32wlxx_it.c:86:6:SVC_Handler	4	static
stm32wlxx_it.c:91:6:DebugMon_Handler	4	static
stm32wlxx_it.c:96:6:PendSV_Handler	4	static
stm32wlxx_it.c:101:6:SysTick_Handler	8	static
stm32wlxx_it.c:107:6:TAMP_STAMP_LSECSS_SSRU_IRQHandler	8	static
stm32wlxx_it.c:113:6:DMA2_Channel1_IRQHandler	8	static
stm32wlxx_it.c:117:6:DMA2_Channel2_IRQHandler	8	static
stm32wlxx_it.c:121:6:DMA1_Channel5_IRQHandler	8	static
stm32wlxx_it.c:125:6:DMA1_Channel6_IRQHandler	8	static
stm32wlxx_it.c:129:6:DMA1_Channel7_IRQHandler	8	static
stm32wlxx_it.c:133:6:DMA1_Channel1_IRQHandler	8	static
stm32wlxx_it.c:137:6:DMA1_Channel2_IRQHandler	8	static
stm32wlxx_it.c:147:6:DMA1_Channel4_IRQHandler	8	static
stm32wlxx_it.c:153:6:ADC_IRQHandler	8	static
stm32wlxx_it.c:159:6:I2C2_EV_IRQHandler	8	static
stm32wlxx_it.c:165:6:I2C2_ER_IRQHandler	8	static
stm32wlxx_it.c:171:6:SPI1_IRQHandler	8	static
stm32wlxx_it.c:177:6:USART1_IRQHandler	8	static
stm32wlxx_it.c:183:6:USART2_IRQHandler	8	static
stm32wlxx_it.c:189:6:LPUART1_IRQHandler	8	static
stm32wlxx_it.c:195:6:RTC_Alarm_IRQHandler	8	static
stm32wlxx_it.c:201:6:AES_IRQHandler	8	static
stm32wlxx_it.c:207:6:RNG_IRQHandler	8	static
stm32wlxx_it.c:213:6:SUBGHZ_Radio_IRQHandler	8	static
stm32wlxx_it.c:219:6:HAL_GPIO_EXTI_Callback	16	static
stm32wlxx_it.c:224:6:GPIO_EXTI_IRQHandler	24	static
stm32wlxx_it.c:232:6:EXTI0_IRQHandler	8	static
stm32wlxx_it.c:236:6:EXTI1_IRQHandler	8	static
stm32wlxx_it.c:240:6:EXTI2_IRQHandler	8	static
stm32wlxx_it.c:244:6:EXTI3_IRQHandler	8	static
stm32wlxx_it.c:248:6:EXTI4_IRQHandler	8	static
stm32wlxx_it.c:252:6:EXTI9_5_IRQHandler	8	static
stm32wlxx_it.c:256:6:EXTI15_10_IRQHandler	8	static
stm32wlxx_it.c:262:6:Error_Handler	8	static
