stm32wlxx_ll_rtc.h:1527:26:LL_RTC_TIME_GetSubSecond	16	static
timer_if.c:78:21:TIMER_IF_Init	16	static
timer_if.c:112:21:TIMER_IF_StartTimer	64	static
timer_if.c:137:21:TIMER_IF_StopTimer	16	static
timer_if.c:154:10:TIMER_IF_SetTimerContext	8	static
timer_if.c:167:10:TIMER_IF_GetTimerContext	4	static
timer_if.c:177:10:TIMER_IF_GetTimerElapsedTime	8	static
timer_if.c:183:10:TIMER_IF_GetTimerValue	8	static
timer_if.c:193:10:TIMER_IF_GetMinimumTimeout	4	static
timer_if.c:199:10:TIMER_IF_Convert_ms2Tick	24	static
timer_if.c:205:10:TIMER_IF_Convert_Tick2ms	24	static
timer_if.c:211:6:TIMER_IF_DelayMs	24	static,ignoring_inline_asm
timer_if.c:221:6:HAL_RTC_AlarmAEventCallback	16	static
timer_if.c:227:6:HAL_RTCEx_SSRUEventCallback	24	static
timer_if.c:240:10:TIMER_IF_GetTime	56	static
timer_if.c:260:9:TIMER_IF_GetTimeMs	40	static
timer_if.c:269:6:TIMER_IF_BkUp_Write_Seconds	16	static
timer_if.c:275:6:TIMER_IF_BkUp_Write_SubSeconds	16	static
timer_if.c:281:10:TIMER_IF_BkUp_Read_Seconds	8	static
timer_if.c:287:10:TIMER_IF_BkUp_Read_SubSeconds	8	static
timer_if.c:295:13:TIMER_IF_BkUp_Write_MSBticks	16	static
timer_if.c:303:17:TIMER_IF_BkUp_Read_MSBticks	16	static
timer_if.c:311:24:GetTimerTicks	8	static
timer_if.c:317:19:HAL_InitTick	16	static
timer_if.c:324:10:HAL_GetTick	8	static
timer_if.c:331:6:HAL_Delay	16	static
