n_cjson.c:94:30:JGetErrorPtr	4	static
n_cjson.c:99:24:JGetStringValue	16	static
n_cjson.c:113:29:JVersion	4	static
n_cjson.c:119:12:case_insensitive_strcmp	24	static
n_cjson.c:138:23:Jstrdup	24	static
n_cjson.c:157:24:JMalloc	16	static
n_cjson.c:161:22:JFree	16	static
n_cjson.c:167:11:JNew_Item	16	static
n_cjson.c:178:22:JDelete	24	static
n_cjson.c:198:22:get_decimal_point	4	static
n_cjson.c:224:14:parse_number	104	static
n_cjson.c:297:25:JSetNumberHelper	24	static
n_cjson.c:320:23:ensure	24	static
n_cjson.c:380:13:update_offset	32	static
n_cjson.c:392:14:print_number	96	static
n_cjson.c:457:22:parse_hex4	24	static
n_cjson.c:485:22:utf16_literal_to_utf8	48	static
n_cjson.c:585:14:parse_string	48	static
n_cjson.c:700:6:htoa16	24	static
n_cjson.c:716:14:print_string_ptr	40	static
n_cjson.c:828:14:print_string	16	static
n_cjson.c:842:22:buffer_skip_whitespace	16	static
n_cjson.c:860:22:skip_utf8_bom	16	static
n_cjson.c:874:21:JParseWithOpts	56	static
n_cjson.c:941:21:JParse	16	static
n_cjson.c:948:23:print	48	static
n_cjson.c:996:24:JPrint	16	static
n_cjson.c:1001:24:JPrintUnformatted	16	static
n_cjson.c:1006:24:JPrintBuffered	48	static
n_cjson.c:1032:23:JPrintPreallocated	48	static
n_cjson.c:1050:14:parse_value	16	static
n_cjson.c:1097:14:print_value	24	static
n_cjson.c:1163:14:parse_array	32	static
n_cjson.c:1244:14:print_array	32	static
n_cjson.c:1298:14:parse_object	32	static
n_cjson.c:1392:14:print_object	40	static
n_cjson.c:1489:21:JGetArraySize	24	static
n_cjson.c:1510:11:get_array_item	24	static
n_cjson.c:1527:21:JGetArrayItem	16	static
n_cjson.c:1536:11:get_object_item	32	static
n_cjson.c:1558:21:JGetObjectItem	16	static
n_cjson.c:1563:21:JGetObjectItemCaseSensitive	16	static
n_cjson.c:1568:23:JHasObjectItem	16	static
n_cjson.c:1574:13:suffix_object	16	static
n_cjson.c:1581:11:create_reference	24	static
n_cjson.c:1600:14:add_item_to_array	24	static
n_cjson.c:1625:22:JAddItemToArray	16	static
n_cjson.c:1637:14:cast_away_const	16	static
n_cjson.c:1646:14:add_item_to_object	32	static
n_cjson.c:1677:22:JAddItemToObject	24	static
n_cjson.c:1683:22:JAddItemToObjectCS	24	static
n_cjson.c:1688:22:JAddItemReferenceToArray	16	static
n_cjson.c:1697:22:JAddItemReferenceToObject	24	static
n_cjson.c:1706:20:JAddNullToObject	24	static
n_cjson.c:1717:20:JAddTrueToObject	24	static
n_cjson.c:1728:20:JAddFalseToObject	24	static
n_cjson.c:1739:20:JAddBoolToObject	32	static
n_cjson.c:1750:20:JAddNumberToObject	32	static
n_cjson.c:1761:20:JAddStringToObject	32	static
n_cjson.c:1772:20:JAddRawToObject	32	static
n_cjson.c:1783:20:JAddObjectToObject	24	static
n_cjson.c:1794:20:JAddArrayToObject	24	static
n_cjson.c:1805:21:JDetachItemViaPointer	16	static
n_cjson.c:1831:21:JDetachItemFromArray	16	static
n_cjson.c:1840:22:JDeleteItemFromArray	16	static
n_cjson.c:1845:21:JDetachItemFromObject	24	static
n_cjson.c:1852:21:JDetachItemFromObjectCaseSensitive	24	static
n_cjson.c:1859:22:JDeleteItemFromObject	16	static
n_cjson.c:1864:22:JDeleteItemFromObjectCaseSensitive	16	static
n_cjson.c:1870:22:JInsertItemInArray	32	static
n_cjson.c:1894:23:JReplaceItemViaPointer	24	static
n_cjson.c:1924:22:JReplaceItemInArray	24	static
n_cjson.c:1933:14:replace_item_in_object	24	static
n_cjson.c:1951:22:JReplaceItemInObject	24	static
n_cjson.c:1956:22:JReplaceItemInObjectCaseSensitive	24	static
n_cjson.c:1962:21:JCreateNull	16	static
n_cjson.c:1972:21:JCreateTrue	16	static
n_cjson.c:1982:21:JCreateFalse	16	static
n_cjson.c:1992:21:JCreateBool	24	static
n_cjson.c:2002:21:JCreateNumber	24	static
n_cjson.c:2022:21:JCreateString	24	static
n_cjson.c:2037:21:JCreateStringReference	24	static
n_cjson.c:2048:21:JCreateObjectReference	24	static
n_cjson.c:2059:21:JCreateArrayReference	24	static
n_cjson.c:2070:21:JCreateRaw	24	static
n_cjson.c:2085:21:JCreateArray	16	static
n_cjson.c:2095:21:JCreateObject	16	static
n_cjson.c:2106:21:JCreateIntArray	32	static
n_cjson.c:2135:21:JCreateNumberArray	32	static
n_cjson.c:2165:21:JCreateStringArray	32	static
n_cjson.c:2196:21:JDuplicate	32	static
n_cjson.c:2262:22:JMinify	24	static
n_cjson.c:2311:23:JIsInvalid	16	static
n_cjson.c:2320:23:JIsFalse	16	static
n_cjson.c:2329:23:JIsTrue	16	static
n_cjson.c:2339:23:JIsBool	16	static
n_cjson.c:2347:23:JIsNull	16	static
n_cjson.c:2356:23:JIsNumber	16	static
n_cjson.c:2365:23:JIsString	16	static
n_cjson.c:2374:23:JIsArray	16	static
n_cjson.c:2383:23:JIsObject	16	static
n_cjson.c:2392:23:JIsRaw	16	static
n_cjson.c:2401:23:JCompare	40	static
