n_helpers.c:75:6:NoteTimeValid	8	static
n_helpers.c:87:6:NoteTimeValidST	8	static
n_helpers.c:99:7:NoteTime	8	static
n_helpers.c:113:6:NoteTimeRefreshMins	16	static
n_helpers.c:124:13:setTime	16	static
n_helpers.c:140:6:NoteTimeSet	24	static
n_helpers.c:166:6:NotePrintln	16	static
n_helpers.c:179:6:NotePrint	32	static
n_helpers.c:206:7:NoteTimeST	144	static
n_helpers.c:281:10:NoteSetSTSecs	24	static
n_helpers.c:298:6:NoteRegion	24	static
n_helpers.c:340:6:NoteLocalTimeST	72	static
n_helpers.c:441:12:ytodays	24	static
n_helpers.c:461:6:NoteLocationValid	16	static
n_helpers.c:478:6:NoteLocationValidST	24	static
n_helpers.c:537:6:NoteSetEnvDefault	24	static
n_helpers.c:557:6:NoteSetEnvDefaultInt	48	static
n_helpers.c:572:6:NoteSetEnvDefaultNumber	72	static
n_helpers.c:587:9:NoteGetEnvNumber	112	static
n_helpers.c:603:10:NoteGetEnvInt	80	static
n_helpers.c:621:6:NoteGetEnv	40	static
n_helpers.c:653:6:NoteIsConnected	8	static
n_helpers.c:665:6:NoteIsConnectedST	16	static
n_helpers.c:687:6:NoteGetNetStatus	24	static
n_helpers.c:710:6:NoteGetVersion	24	static
n_helpers.c:736:6:NoteGetLocation	40	static
n_helpers.c:782:6:NoteSetLocation	32	static
n_helpers.c:801:6:NoteClearLocation	16	static
n_helpers.c:820:6:NoteGetLocationMode	24	static
n_helpers.c:843:6:NoteSetLocationMode	24	static
n_helpers.c:876:6:NoteGetServiceConfig	40	static
n_helpers.c:901:6:NoteGetServiceConfigST	32	static
n_helpers.c:950:6:NoteGetStatus	32	static
n_helpers.c:999:6:NoteGetStatusST	32	static
n_helpers.c:1056:6:NoteSleep	104	static
n_helpers.c:1095:6:NoteWake	40	static
n_helpers.c:1165:6:NoteFactoryReset	24	static
n_helpers.c:1202:6:NoteSetProductID	24	static
n_helpers.c:1226:6:NoteSetSerialNumber	24	static
n_helpers.c:1256:6:NoteSetUploadMode	32	static
n_helpers.c:1291:6:NoteSetSyncMode	32	static
n_helpers.c:1323:6:NoteTemplate	24	static
n_helpers.c:1345:6:NoteAdd	32	static
n_helpers.c:1381:6:NoteSendToRoute	64	static
n_helpers.c:1433:6:NoteGetVoltage	24	static
n_helpers.c:1455:6:NoteGetTemperature	24	static
n_helpers.c:1484:6:NoteGetContact	32	static
n_helpers.c:1534:6:NoteSetContact	32	static
n_helpers.c:1558:13:timerExpiredSecs	32	static
n_helpers.c:1589:6:NoteDebugSyncStatus	32	static
n_helpers.c:1656:10:NoteMemAvailable	40	static
