n_hooks.c:180:6:NoteSetFnDefault	24	static
n_hooks.c:207:6:NoteSetFn	24	static
n_hooks.c:221:6:NoteSetFnDebugOutput	16	static
n_hooks.c:233:6:NoteIsDebugOutputActive	4	static
n_hooks.c:249:6:NoteSetFnMutex	24	static
n_hooks.c:267:6:NoteSetFnSerial	24	static
n_hooks.c:292:6:NoteSetFnI2C	24	static
n_hooks.c:312:6:NoteSetFnDisabled	4	static
n_hooks.c:330:6:NoteDebugln	16	static
n_hooks.c:342:6:NoteDebug	16	static
n_hooks.c:358:19:NoteGetMs	8	static
n_hooks.c:372:6:NoteDelayMs	16	static
n_hooks.c:424:7:NoteMalloc	16	static
n_hooks.c:442:6:NoteFree	16	static
n_hooks.c:460:6:NoteLockI2C	8	static
n_hooks.c:472:6:NoteUnlockI2C	8	static
n_hooks.c:484:6:NoteLockNote	8	static
n_hooks.c:496:6:NoteUnlockNote	8	static
n_hooks.c:509:13:NoteActiveInterface	4	static
n_hooks.c:526:6:NoteSerialReset	8	static
n_hooks.c:542:6:NoteSerialTransmit	24	static
n_hooks.c:556:6:NoteSerialAvailable	8	static
n_hooks.c:571:6:NoteSerialReceive	8	static
n_hooks.c:585:6:NoteI2CReset	16	static
n_hooks.c:603:13:NoteI2CTransmit	16	static
n_hooks.c:622:13:NoteI2CReceive	32	static
n_hooks.c:636:10:NoteI2CAddress	4	static
n_hooks.c:650:6:NoteSetI2CAddress	16	static
n_hooks.c:662:10:NoteI2CMax	4	static
n_hooks.c:684:6:NoteHardReset	8	static
n_hooks.c:703:13:NoteJSONTransaction	16	static
