n_request.c:30:11:errDoc	24	static
n_request.c:49:6:NoteSuspendTransactionDebug	4	static
n_request.c:59:6:NoteResumeTransactionDebug	4	static
n_request.c:71:4:NoteNewRequest	24	static
n_request.c:87:4:NoteNewCommand	24	static
n_request.c:107:6:NoteRequest	24	static
n_request.c:142:6:NoteRequestWithRetry	32	static
n_request.c:200:4:NoteRequestResponse	24	static
n_request.c:232:4:NoteRequestResponseWithRetry	24	static
n_request.c:288:7:NoteRequestResponseJSON	32	static
n_request.c:326:4:NoteTransaction	72	static
n_request.c:437:6:NoteResetRequired	4	static
n_request.c:449:6:NoteReset	8	static
n_request.c:468:6:NoteErrorContains	16	static
n_request.c:480:6:NoteErrorClean	32	static
