stm32wlxx_hal_cryp.c:447:19:HAL_CRYP_Init	16	static
stm32wlxx_hal_cryp.c:515:19:HAL_CRYP_DeInit	16	static
stm32wlxx_hal_cryp.c:568:19:HAL_CRYP_SetConfig	16	static
stm32wlxx_hal_cryp.c:639:19:HAL_CRYP_GetConfig	16	static
stm32wlxx_hal_cryp.c:691:13:HAL_CRYP_MspInit	16	static
stm32wlxx_hal_cryp.c:707:13:HAL_CRYP_MspDeInit	16	static
stm32wlxx_hal_cryp.c:913:6:HAL_CRYP_ProcessSuspend	16	static
stm32wlxx_hal_cryp.c:929:19:HAL_CRYP_Suspend	32	static
stm32wlxx_hal_cryp.c:1002:19:HAL_CRYP_Resume	24	static
stm32wlxx_hal_cryp.c:1199:19:HAL_CRYP_Encrypt	32	static
stm32wlxx_hal_cryp.c:1299:19:HAL_CRYP_Decrypt	32	static
stm32wlxx_hal_cryp.c:1398:19:HAL_CRYP_Encrypt_IT	32	static
stm32wlxx_hal_cryp.c:1508:19:HAL_CRYP_Decrypt_IT	32	static
stm32wlxx_hal_cryp.c:1617:19:HAL_CRYP_Encrypt_DMA	40	static
stm32wlxx_hal_cryp.c:1744:19:HAL_CRYP_Decrypt_DMA	32	static
stm32wlxx_hal_cryp.c:1853:6:HAL_CRYP_IRQHandler	16	static
stm32wlxx_hal_cryp.c:1905:10:HAL_CRYP_GetError	16	static
stm32wlxx_hal_cryp.c:1916:23:HAL_CRYP_GetState	16	static
stm32wlxx_hal_cryp.c:1927:13:HAL_CRYP_InCpltCallback	16	static
stm32wlxx_hal_cryp.c:1943:13:HAL_CRYP_OutCpltCallback	16	static
stm32wlxx_hal_cryp.c:1959:13:HAL_CRYP_ErrorCallback	16	static
stm32wlxx_hal_cryp.c:1987:26:CRYP_AES_Encrypt	24	static
stm32wlxx_hal_cryp.c:2057:26:CRYP_AES_Encrypt_IT	24	static
stm32wlxx_hal_cryp.c:2134:26:CRYP_AES_Decrypt	24	static
stm32wlxx_hal_cryp.c:2250:26:CRYP_AES_Decrypt_IT	24	static
stm32wlxx_hal_cryp.c:2379:26:CRYP_AES_Decrypt_DMA	24	static
stm32wlxx_hal_cryp.c:2496:13:CRYP_DMAInCplt	88	static
stm32wlxx_hal_cryp.c:2589:13:CRYP_DMAOutCplt	56	static
stm32wlxx_hal_cryp.c:2692:13:CRYP_DMAError	24	static
stm32wlxx_hal_cryp.c:2724:13:CRYP_SetDMAConfig	24	static
stm32wlxx_hal_cryp.c:2786:26:CRYP_SetHeaderDMAConfig	24	static
stm32wlxx_hal_cryp.c:2822:13:CRYP_AES_ProcessData	40	static
stm32wlxx_hal_cryp.c:2884:13:CRYP_AES_IT	40	static
stm32wlxx_hal_cryp.c:2998:13:CRYP_SetKey	16	static
stm32wlxx_hal_cryp.c:3034:26:CRYP_AESGCM_Process	64	static
stm32wlxx_hal_cryp.c:3237:26:CRYP_AESGCM_Process_IT	104	static
stm32wlxx_hal_cryp.c:3596:26:CRYP_AESGCM_Process_DMA	24	static
stm32wlxx_hal_cryp.c:3700:26:CRYP_AESCCM_Process	64	static
stm32wlxx_hal_cryp.c:3899:26:CRYP_AESCCM_Process_IT	40	static
stm32wlxx_hal_cryp.c:4199:26:CRYP_AESCCM_Process_DMA	24	static
stm32wlxx_hal_cryp.c:4302:13:CRYP_GCMCCM_SetPayloadPhase_IT	56	static
stm32wlxx_hal_cryp.c:4448:26:CRYP_GCMCCM_SetPayloadPhase_DMA	56	static
stm32wlxx_hal_cryp.c:4565:26:CRYP_GCMCCM_SetHeaderPhase	88	static
stm32wlxx_hal_cryp.c:4725:26:CRYP_GCMCCM_SetHeaderPhase_DMA	88	static
stm32wlxx_hal_cryp.c:4843:13:CRYP_GCMCCM_SetHeaderPhase_IT	96	static
stm32wlxx_hal_cryp.c:5035:26:CRYP_WaitOnCCFlag	24	static
stm32wlxx_hal_cryp.c:5064:13:CRYP_ClearCCFlagWhenHigh	24	static
stm32wlxx_hal_cryp.c:5108:13:CRYP_Read_IVRegisters	24	static
stm32wlxx_hal_cryp.c:5131:13:CRYP_Write_IVRegisters	24	static
stm32wlxx_hal_cryp.c:5154:13:CRYP_Read_SuspendRegisters	24	static
stm32wlxx_hal_cryp.c:5212:13:CRYP_Write_SuspendRegisters	24	static
stm32wlxx_hal_cryp.c:5243:13:CRYP_Read_KeyRegisters	32	static
stm32wlxx_hal_cryp.c:5291:13:CRYP_Write_KeyRegisters	32	static
stm32wlxx_hal_cryp.c:5322:13:CRYP_PhaseProcessingResume	32	static
