stm32wlxx_hal_rtc_ex.c:178:19:HAL_RTCEx_SetTimeStamp	24	static
stm32wlxx_hal_rtc_ex.c:229:19:HAL_RTCEx_SetTimeStamp_IT	24	static
stm32wlxx_hal_rtc_ex.c:272:19:HAL_RTCEx_DeactivateTimeStamp	16	static
stm32wlxx_hal_rtc_ex.c:302:19:HAL_RTCEx_SetInternalTimeStamp	16	static
stm32wlxx_hal_rtc_ex.c:332:19:HAL_RTCEx_DeactivateInternalTimeStamp	16	static
stm32wlxx_hal_rtc_ex.c:370:19:HAL_RTCEx_GetTimeStamp	32	static
stm32wlxx_hal_rtc_ex.c:425:6:HAL_RTCEx_TimeStampIRQHandler	16	static
stm32wlxx_hal_rtc_ex.c:448:13:HAL_RTCEx_TimeStampEventCallback	16	static
stm32wlxx_hal_rtc_ex.c:464:19:HAL_RTCEx_PollForTimeStampEvent	24	static
stm32wlxx_hal_rtc_ex.c:522:19:HAL_RTCEx_SetWakeUpTimer	32	static
stm32wlxx_hal_rtc_ex.c:595:19:HAL_RTCEx_SetWakeUpTimer_IT	32	static
stm32wlxx_hal_rtc_ex.c:679:19:HAL_RTCEx_DeactivateWakeUpTimer	24	static
stm32wlxx_hal_rtc_ex.c:729:10:HAL_RTCEx_GetWakeUpTimer	16	static
stm32wlxx_hal_rtc_ex.c:741:6:HAL_RTCEx_WakeUpTimerIRQHandler	16	static
stm32wlxx_hal_rtc_ex.c:766:13:HAL_RTCEx_WakeUpTimerEventCallback	16	static
stm32wlxx_hal_rtc_ex.c:783:19:HAL_RTCEx_PollForWakeUpTimerEvent	24	static
stm32wlxx_hal_rtc_ex.c:861:19:HAL_RTCEx_SetSmoothCalib	32	static
stm32wlxx_hal_rtc_ex.c:926:19:HAL_RTCEx_SetLowPowerCalib	16	static
stm32wlxx_hal_rtc_ex.c:966:19:HAL_RTCEx_SetSynchroShift	32	static
stm32wlxx_hal_rtc_ex.c:1059:19:HAL_RTCEx_SetCalibrationOutPut	16	static
stm32wlxx_hal_rtc_ex.c:1095:19:HAL_RTCEx_DeactivateCalibrationOutPut	16	static
stm32wlxx_hal_rtc_ex.c:1125:19:HAL_RTCEx_SetRefClock	24	static
stm32wlxx_hal_rtc_ex.c:1167:19:HAL_RTCEx_DeactivateRefClock	24	static
stm32wlxx_hal_rtc_ex.c:1211:19:HAL_RTCEx_EnableBypassShadow	16	static
stm32wlxx_hal_rtc_ex.c:1243:19:HAL_RTCEx_DisableBypassShadow	16	static
stm32wlxx_hal_rtc_ex.c:1276:19:HAL_RTCEx_MonotonicCounterIncrement	16	static
stm32wlxx_hal_rtc_ex.c:1296:19:HAL_RTCEx_MonotonicCounterGet	24	static
stm32wlxx_hal_rtc_ex.c:1313:19:HAL_RTCEx_SetSSRU_IT	16	static
stm32wlxx_hal_rtc_ex.c:1345:19:HAL_RTCEx_DeactivateSSRU	16	static
stm32wlxx_hal_rtc_ex.c:1374:6:HAL_RTCEx_SSRUIRQHandler	16	static
stm32wlxx_hal_rtc_ex.c:1399:13:HAL_RTCEx_SSRUEventCallback	16	static
stm32wlxx_hal_rtc_ex.c:1433:13:HAL_RTCEx_AlarmBEventCallback	16	static
stm32wlxx_hal_rtc_ex.c:1449:19:HAL_RTCEx_PollForAlarmBEvent	24	static
stm32wlxx_hal_rtc_ex.c:1512:19:HAL_RTCEx_SetTamper	24	static
stm32wlxx_hal_rtc_ex.c:1577:19:HAL_RTCEx_SetTamper_IT	24	static
stm32wlxx_hal_rtc_ex.c:1651:19:HAL_RTCEx_DeactivateTamper	16	static
stm32wlxx_hal_rtc_ex.c:1687:19:HAL_RTCEx_PollForTamperEvent	32	static
stm32wlxx_hal_rtc_ex.c:1719:19:HAL_RTCEx_SetInternalTamper	16	static
stm32wlxx_hal_rtc_ex.c:1759:19:HAL_RTCEx_SetInternalTamper_IT	16	static
stm32wlxx_hal_rtc_ex.c:1805:19:HAL_RTCEx_DeactivateInternalTamper	16	static
stm32wlxx_hal_rtc_ex.c:1834:19:HAL_RTCEx_PollForInternalTamperEvent	32	static
stm32wlxx_hal_rtc_ex.c:1865:6:HAL_RTCEx_TamperIRQHandler	24	static
stm32wlxx_hal_rtc_ex.c:1963:13:HAL_RTCEx_Tamper1EventCallback	16	static
stm32wlxx_hal_rtc_ex.c:1979:13:HAL_RTCEx_Tamper2EventCallback	16	static
stm32wlxx_hal_rtc_ex.c:1994:13:HAL_RTCEx_Tamper3EventCallback	16	static
stm32wlxx_hal_rtc_ex.c:2009:13:HAL_RTCEx_InternalTamper3EventCallback	16	static
stm32wlxx_hal_rtc_ex.c:2025:13:HAL_RTCEx_InternalTamper5EventCallback	16	static
stm32wlxx_hal_rtc_ex.c:2040:13:HAL_RTCEx_InternalTamper6EventCallback	16	static
stm32wlxx_hal_rtc_ex.c:2055:13:HAL_RTCEx_InternalTamper8EventCallback	16	static
stm32wlxx_hal_rtc_ex.c:2097:6:HAL_RTCEx_BKUPWrite	32	static
stm32wlxx_hal_rtc_ex.c:2120:10:HAL_RTCEx_BKUPRead	24	static
