radio_driver.c:118:6:SUBGRF_Init	24	static
radio_driver.c:158:6:SUBGRF_DeInit	16	static
radio_driver.c:168:23:SUBGRF_GetOperatingMode	4	static
radio_driver.c:173:6:SUBGRF_SetPayload	16	static
radio_driver.c:178:9:SUBGRF_GetPayload	32	static
radio_driver.c:191:6:SUBGRF_SendPayload	24	static
radio_driver.c:197:9:SUBGRF_SetSyncWord	16	static
radio_driver.c:203:6:SUBGRF_SetCrcSeed	24	static
radio_driver.c:221:6:SUBGRF_SetCrcPolynomial	24	static
radio_driver.c:239:6:SUBGRF_SetWhiteningSeed	24	static
radio_driver.c:257:10:SUBGRF_GetRandom	16	static
radio_driver.c:282:6:SUBGRF_SetSleep	24	static
radio_driver.c:296:6:SUBGRF_SetStandby	16	static
radio_driver.c:309:6:SUBGRF_SetFs	8	static
radio_driver.c:315:6:SUBGRF_SetTx	24	static
radio_driver.c:327:6:SUBGRF_SetRx	24	static
radio_driver.c:339:6:SUBGRF_SetRxBoosted	24	static
radio_driver.c:355:6:SUBGRF_SetRxDutyCycle	24	static
radio_driver.c:369:6:SUBGRF_SetCad	8	static
radio_driver.c:375:6:SUBGRF_SetTxContinuousWave	8	static
radio_driver.c:380:6:SUBGRF_SetTxInfinitePreamble	8	static
radio_driver.c:385:6:SUBGRF_SetStopRxTimerOnPreambleDetect	16	static
radio_driver.c:390:6:SUBGRF_SetLoRaSymbNumTimeout	24	static
radio_driver.c:411:6:SUBGRF_SetRegulatorMode	16	static
radio_driver.c:428:6:SUBGRF_Calibrate	24	static
radio_driver.c:441:6:SUBGRF_CalibrateImage	24	static
radio_driver.c:473:6:SUBGRF_SetPaConfig	32	static
radio_driver.c:484:6:SUBGRF_SetRxTxFallbackMode	16	static
radio_driver.c:489:6:SUBGRF_SetDioIrqParams	32	static
radio_driver.c:504:10:SUBGRF_GetIrqStatus	16	static
radio_driver.c:512:6:SUBGRF_SetTcxoMode	24	static
radio_driver.c:524:6:SUBGRF_SetRfFrequency	32	static
radio_driver.c:546:6:SUBGRF_SetPacketType	16	static
radio_driver.c:558:20:SUBGRF_GetPacketType	4	static
radio_driver.c:563:6:SUBGRF_SetTxParams	24	static
radio_driver.c:610:6:SUBGRF_SetModulationParams	40	static
radio_driver.c:676:6:SUBGRF_SetPacketParams	32	static
radio_driver.c:740:6:SUBGRF_SetCadParams	32	static
radio_driver.c:755:6:SUBGRF_SetBufferBaseAddress	24	static
radio_driver.c:764:15:SUBGRF_GetStatus	16	static
radio_driver.c:777:8:SUBGRF_GetRssiInst	16	static
radio_driver.c:787:6:SUBGRF_GetRxBufferStatus	24	static
radio_driver.c:806:6:SUBGRF_GetPacketStatus	24	static
radio_driver.c:840:14:SUBGRF_GetDeviceErrors	16	static
radio_driver.c:857:6:SUBGRF_ClearDeviceErrors	16	static
radio_driver.c:863:6:SUBGRF_ClearIrqStatus	24	static
radio_driver.c:872:6:SUBGRF_WriteRegister	16	static
radio_driver.c:877:9:SUBGRF_ReadRegister	24	static
radio_driver.c:884:6:SUBGRF_WriteRegisters	16	static
radio_driver.c:889:6:SUBGRF_ReadRegisters	16	static
radio_driver.c:894:6:SUBGRF_WriteBuffer	16	static
radio_driver.c:899:6:SUBGRF_ReadBuffer	16	static
radio_driver.c:904:6:SUBGRF_SetSwitch	24	static
radio_driver.c:930:9:SUBGRF_SetRfTxPower	24	static
radio_driver.c:969:10:SUBGRF_GetRadioWakeUpTime	8	static
radio_driver.c:975:6:HAL_SUBGHZ_TxCpltCallback	16	static
radio_driver.c:980:6:HAL_SUBGHZ_RxCpltCallback	16	static
radio_driver.c:985:6:HAL_SUBGHZ_CRCErrorCallback	16	static
radio_driver.c:990:6:HAL_SUBGHZ_CADStatusCallback	16	static
radio_driver.c:1005:6:HAL_SUBGHZ_RxTxTimeoutCallback	16	static
radio_driver.c:1010:6:HAL_SUBGHZ_HeaderErrorCallback	16	static
radio_driver.c:1015:6:HAL_SUBGHZ_PreambleDetectedCallback	16	static
radio_driver.c:1020:6:HAL_SUBGHZ_SyncWordValidCallback	16	static
radio_driver.c:1025:6:HAL_SUBGHZ_HeaderValidCallback	16	static
radio_driver.c:1030:13:Radio_SMPS_Set	24	static
