radio.c:631:16:RadioSetRxGenericConfig	48	static
radio.c:774:16:RadioSetTxGenericConfig	40	static
radio.c:890:16:RadioGetFskBandwidthRegValue	24	static
radio.c:912:13:RadioInit	24	static
radio.c:941:13:RadioDeInit	16	static
radio.c:950:21:RadioGetStatus	8	static
radio.c:965:13:RadioSetModem	16	static
radio.c:995:13:RadioSetChannel	16	static
radio.c:1000:13:RadioIsChannelFree	72	static
radio.c:1040:17:RadioRandom	16	static
radio.c:1058:13:RadioSetRxConfig	48	static
radio.c:1239:13:RadioSetTxConfig	32	static
radio.c:1354:13:RadioCheckRfFrequency	16	static
radio.c:1359:17:RadioGetLoRaBandwidthInHz	24	static
radio.c:1400:17:RadioGetGfskTimeOnAirNumerator	16	static
radio.c:1424:17:RadioGetLoRaTimeOnAirNumerator	48	static
radio.c:1488:17:RadioTimeOnAir	48	static
radio.c:1521:13:RadioSend	56	static
radio.c:1602:13:RadioSleep	16	static
radio.c:1612:13:RadioDeepSleep	16	static
radio.c:1621:13:RadioStandby	8	static
radio.c:1626:13:RadioRx	16	static
radio.c:1658:13:RadioRxBoosted	16	static
radio.c:1683:13:RadioSetRxDutyCycle	16	static
radio.c:1690:13:RadioStartCad	8	static
radio.c:1696:13:RadioSetTxContinuousWave	24	static
radio.c:1714:16:RadioRssi	16	static
radio.c:1719:13:RadioWrite	16	static
radio.c:1724:16:RadioRead	16	static
radio.c:1729:13:RadioWriteRegisters	16	static
radio.c:1734:13:RadioReadRegisters	16	static
radio.c:1739:13:RadioSetMaxPayloadLength	16	static
radio.c:1756:13:RadioSetPublicNetwork	16	static
radio.c:1775:17:RadioGetWakeupTime	8	static
radio.c:1781:13:RadioOnTxTimeoutIrq	16	static
radio.c:1793:13:RadioOnRxTimeoutIrq	16	static
radio.c:1805:13:RadioOnDioIrq	16	static
radio.c:1812:13:RadioIrqProcess	24	static
radio.c:1961:13:RadioTxPrbs	8	static
radio.c:1969:13:RadioTxCw	24	static
radio.c:1976:13:payload_integration	40	static
